2025-12-07 08:59:00 | WARN | repo=Ehviewer_CN_SXJ | action=commit
2025-03-05 20:35:00 | INFO | repo=Ehviewer_CN_SXJ | action=commit
2025-03-07 13:02:00 | DEBUG | repo=Ehviewer_CN_SXJ | action=commit
2025-02-08 09:14:00 | DEBUG | repo=Ehviewer_CN_SXJ | action=commit
2025-06-08 13:37:00 | INFO | repo=Ehviewer_CN_SXJ | action=commit
2025-07-28 17:27:00 | WARN | repo=Ehviewer_CN_SXJ | action=commit
2025-12-09 19:48:00 | WARN | repo=Ehviewer_CN_SXJ | action=edit | files=1
2025-07-11 18:16:00 | INFO | repo=Ehviewer_CN_SXJ | action=commit
2025-04-25 19:57:00 | WARN | repo=Ehviewer_CN_SXJ | action=edit | files=1
2025-04-19 14:13:00 | INFO | repo=Ehviewer_CN_SXJ | action=commit
2025-11-22 14:02:00 | DEBUG | repo=Ehviewer_CN_SXJ | action=commit
2025-09-27 17:21:00 | DEBUG | repo=Ehviewer_CN_SXJ | action=edit | files=3
2025-04-15 14:41:00 | WARN | repo=Ehviewer_CN_SXJ | action=commit
2025-03-20 11:29:00 | WARN | repo=Ehviewer_CN_SXJ | action=commit
2025-05-23 09:13:00 | INFO | repo=Ehviewer_CN_SXJ | action=commit
2025-02-04 18:33:00 | INFO | repo=Ehviewer_CN_SXJ | action=pull
2025-09-14 10:26:00 | DEBUG | repo=Ehviewer_CN_SXJ | action=commit
2025-01-17 19:06:00 | INFO | repo=Ehviewer_CN_SXJ | action=commit
2025-10-21 20:34:00 | WARN | repo=Ehviewer_CN_SXJ | action=commit
2025-07-19 10:14:00 | WARN | repo=Ehviewer_CN_SXJ | action=commit
2025-05-20 14:20:00 | WARN | repo=Ehviewer_CN_SXJ | action=pull
2025-04-19 19:53:00 | WARN | repo=Ehviewer_CN_SXJ | action=commit
2025-12-20 12:47:00 | DEBUG | repo=Ehviewer_CN_SXJ | action=commit
2025-11-05 18:32:00 | INFO | repo=Ehviewer_CN_SXJ | action=pull
2025-09-17 08:21:00 | DEBUG | repo=Ehviewer_CN_SXJ | action=edit | files=5
2025-06-26 15:53:00 | WARN | repo=Ehviewer_CN_SXJ | action=commit
2025-06-10 15:28:00 | DEBUG | repo=Ehviewer_CN_SXJ | action=edit | files=2
2025-02-01 10:35:00 | WARN | repo=Ehviewer_CN_SXJ | action=commit
2025-12-03 09:19:00 | INFO | repo=Ehviewer_CN_SXJ | action=commit
2025-12-20 07:50:00 | WARN | repo=Ehviewer_CN_SXJ | action=edit | files=5
2025-04-21 08:51:00 | DEBUG | repo=Ehviewer_CN_SXJ | action=test | passed=true
2025-04-28 08:40:00 | INFO | repo=Ehviewer_CN_SXJ | action=pull
2025-11-07 09:32:00 | DEBUG | repo=Ehviewer_CN_SXJ | action=commit
2025-07-20 12:41:00 | WARN | repo=Ehviewer_CN_SXJ | action=test | passed=true
2025-06-09 07:31:00 | WARN | repo=Ehviewer_CN_SXJ | action=commit
2025-07-07 11:44:00 | INFO | repo=Ehviewer_CN_SXJ | action=test | passed=true
2025-10-23 20:50:00 | WARN | repo=Ehviewer_CN_SXJ | action=pull
2025-12-03 19:49:00 | DEBUG | repo=Ehviewer_CN_SXJ | action=commit
2025-01-01 19:30:00 | DEBUG | repo=Ehviewer_CN_SXJ | action=test | passed=true
2025-03-11 09:43:00 | DEBUG | repo=Ehviewer_CN_SXJ | action=commit
2025-12-10 15:31:00 | DEBUG | repo=Ehviewer_CN_SXJ | action=commit
2025-02-04 08:44:00 | DEBUG | repo=Ehviewer_CN_SXJ | action=commit
2025-11-20 08:22:00 | INFO | repo=Ehviewer_CN_SXJ | action=commit
2025-07-17 20:38:00 | WARN | repo=Ehviewer_CN_SXJ | action=commit
2025-08-03 07:03:00 | INFO | repo=Ehviewer_CN_SXJ | action=commit
2025-09-03 19:42:00 | INFO | repo=Ehviewer_CN_SXJ | action=pull
2025-03-10 11:24:00 | WARN | repo=Ehviewer_CN_SXJ | action=edit | files=2
2025-02-05 07:58:00 | INFO | repo=Ehviewer_CN_SXJ | action=commit
2025-03-18 20:08:00 | WARN | repo=Ehviewer_CN_SXJ | action=commit
2025-12-01 14:24:00 | WARN | repo=Ehviewer_CN_SXJ | action=commit
2025-02-25 20:58:00 | INFO | repo=Ehviewer_CN_SXJ | action=pull
2025-09-03 14:16:00 | INFO | repo=Ehviewer_CN_SXJ | action=commit
2025-07-01 11:36:00 | INFO | repo=Ehviewer_CN_SXJ | action=commit
2025-03-18 10:45:00 | WARN | repo=Ehviewer_CN_SXJ | action=commit
2025-09-08 08:12:00 | WARN | repo=Ehviewer_CN_SXJ | action=commit
2025-10-28 16:46:00 | WARN | repo=Ehviewer_CN_SXJ | action=commit
2025-03-23 15:16:00 | INFO | repo=Ehviewer_CN_SXJ | action=commit
2025-09-28 13:00:00 | INFO | repo=Ehviewer_CN_SXJ | action=pull
2025-03-22 16:00:00 | WARN | repo=Ehviewer_CN_SXJ | action=edit | files=4
2025-01-18 14:17:00 | WARN | repo=Ehviewer_CN_SXJ | action=commit
2025-08-14 20:37:00 | DEBUG | repo=Ehviewer_CN_SXJ | action=commit
2025-12-18 18:39:00 | WARN | repo=Ehviewer_CN_SXJ | action=pull
2025-10-28 12:34:00 | WARN | repo=Ehviewer_CN_SXJ | action=commit
2025-02-06 08:47:00 | INFO | repo=Ehviewer_CN_SXJ | action=commit
2025-06-28 14:48:00 | DEBUG | repo=Ehviewer_CN_SXJ | action=commit
2025-02-08 21:37:00 | INFO | repo=Ehviewer_CN_SXJ | action=commit
2025-09-05 08:39:00 | DEBUG | repo=Ehviewer_CN_SXJ | action=commit
2025-04-14 13:58:00 | DEBUG | repo=Ehviewer_CN_SXJ | action=commit
2025-04-20 13:40:00 | WARN | repo=Ehviewer_CN_SXJ | action=commit
2025-05-22 17:02:00 | INFO | repo=Ehviewer_CN_SXJ | action=commit
2025-04-28 15:44:00 | INFO | repo=Ehviewer_CN_SXJ | action=commit
2025-02-19 19:11:00 | WARN | repo=Ehviewer_CN_SXJ | action=commit
2025-05-25 15:40:00 | WARN | repo=Ehviewer_CN_SXJ | action=test | passed=true
2025-10-01 15:26:00 | INFO | repo=Ehviewer_CN_SXJ | action=commit
2026-07-20 15:41:00 | WARN | repo=Ehviewer_CN_SXJ | action=commit
2026-02-19 20:47:00 | WARN | repo=Ehviewer_CN_SXJ | action=commit
2026-04-14 14:34:00 | DEBUG | repo=Ehviewer_CN_SXJ | action=edit | files=1
2026-05-24 20:23:00 | DEBUG | repo=Ehviewer_CN_SXJ | action=edit | files=3
2026-10-01 07:19:00 | INFO | repo=Ehviewer_CN_SXJ | action=commit
2026-07-14 07:46:00 | DEBUG | repo=Ehviewer_CN_SXJ | action=commit
2026-03-09 18:12:00 | INFO | repo=Ehviewer_CN_SXJ | action=commit
2026-12-21 19:25:00 | WARN | repo=Ehviewer_CN_SXJ | action=commit
2026-11-12 12:10:00 | WARN | repo=Ehviewer_CN_SXJ | action=commit
2026-05-06 18:16:00 | WARN | repo=Ehviewer_CN_SXJ | action=commit
2026-01-01 12:12:00 | WARN | repo=Ehviewer_CN_SXJ | action=commit
2026-10-20 20:22:00 | DEBUG | repo=Ehviewer_CN_SXJ | action=commit
2026-06-24 07:15:00 | INFO | repo=Ehviewer_CN_SXJ | action=commit
2026-05-27 07:26:00 | DEBUG | repo=Ehviewer_CN_SXJ | action=test | passed=true
2026-08-22 17:50:00 | INFO | repo=Ehviewer_CN_SXJ | action=commit
2026-03-04 19:03:00 | WARN | repo=Ehviewer_CN_SXJ | action=commit
2026-10-13 20:39:00 | INFO | repo=Ehviewer_CN_SXJ | action=commit
2026-08-20 19:38:00 | WARN | repo=Ehviewer_CN_SXJ | action=pull
2026-08-28 19:53:00 | INFO | repo=Ehviewer_CN_SXJ | action=commit
2026-11-06 21:20:00 | WARN | repo=Ehviewer_CN_SXJ | action=commit
2026-09-12 09:28:00 | DEBUG | repo=Ehviewer_CN_SXJ | action=pull
2026-08-11 10:25:00 | DEBUG | repo=Ehviewer_CN_SXJ | action=commit
2026-08-24 12:58:00 | WARN | repo=Ehviewer_CN_SXJ | action=pull
2026-05-05 18:47:00 | INFO | repo=Ehviewer_CN_SXJ | action=edit | files=1
2026-06-07 07:46:00 | INFO | repo=Ehviewer_CN_SXJ | action=commit
2026-11-12 15:28:00 | WARN | repo=Ehviewer_CN_SXJ | action=pull
2026-07-15 16:24:00 | INFO | repo=Ehviewer_CN_SXJ | action=commit
2026-05-04 10:38:00 | INFO | repo=Ehviewer_CN_SXJ | action=commit
2026-10-23 20:25:00 | WARN | repo=Ehviewer_CN_SXJ | action=commit
2025-03-19 15:27:00 | INFO | repo=Ehviewer_CN_SXJ | action=commit
2025-12-11 12:46:00 | WARN | repo=Ehviewer_CN_SXJ | action=pull
2025-11-05 07:23:00 | DEBUG | repo=Ehviewer_CN_SXJ | action=commit
2025-10-08 21:00:00 | INFO | repo=Ehviewer_CN_SXJ | action=commit
2025-04-05 13:49:00 | WARN | repo=Ehviewer_CN_SXJ | action=commit
2025-06-21 20:13:00 | INFO | repo=Ehviewer_CN_SXJ | action=commit
2025-02-07 07:11:00 | DEBUG | repo=Ehviewer_CN_SXJ | action=commit
2025-01-28 09:28:00 | DEBUG | repo=Ehviewer_CN_SXJ | action=commit
2025-07-07 18:27:00 | INFO | repo=Ehviewer_CN_SXJ | action=commit
2025-05-24 07:30:00 | WARN | repo=Ehviewer_CN_SXJ | action=edit | files=4
2025-05-26 18:23:00 | WARN | repo=Ehviewer_CN_SXJ | action=edit | files=4
2025-02-05 09:57:00 | WARN | repo=Ehviewer_CN_SXJ | action=commit
2025-02-24 11:56:00 | DEBUG | repo=Ehviewer_CN_SXJ | action=commit
2025-09-18 18:51:00 | INFO | repo=Ehviewer_CN_SXJ | action=commit
2025-03-19 19:41:00 | WARN | repo=Ehviewer_CN_SXJ | action=commit
2025-11-19 09:38:00 | DEBUG | repo=Ehviewer_CN_SXJ | action=commit
2025-05-08 08:32:00 | INFO | repo=Ehviewer_CN_SXJ | action=commit
2025-04-16 07:11:00 | DEBUG | repo=Ehviewer_CN_SXJ | action=commit
2025-12-25 13:05:00 | WARN | repo=Ehviewer_CN_SXJ | action=pull
2025-07-16 13:37:00 | DEBUG | repo=Ehviewer_CN_SXJ | action=commit
2025-09-24 18:25:00 | WARN | repo=Ehviewer_CN_SXJ | action=commit
2025-05-24 13:09:00 | WARN | repo=Ehviewer_CN_SXJ | action=commit
2025-06-18 15:30:00 | DEBUG | repo=Ehviewer_CN_SXJ | action=commit
2025-01-27 13:42:00 | INFO | repo=Ehviewer_CN_SXJ | action=test | passed=true
2025-02-15 12:42:00 | DEBUG | repo=Ehviewer_CN_SXJ | action=commit
2025-03-12 13:57:00 | DEBUG | repo=Ehviewer_CN_SXJ | action=commit
2025-07-03 09:07:00 | DEBUG | repo=Ehviewer_CN_SXJ | action=commit
2025-07-06 19:46:00 | WARN | repo=Ehviewer_CN_SXJ | action=commit
2025-10-23 17:20:00 | INFO | repo=Ehviewer_CN_SXJ | action=commit
2025-01-23 18:30:00 | WARN | repo=Ehviewer_CN_SXJ | action=commit
2025-04-26 19:54:00 | INFO | repo=Ehviewer_CN_SXJ | action=commit
2025-01-02 20:32:00 | DEBUG | repo=Ehviewer_CN_SXJ | action=commit
2025-02-13 07:09:00 | WARN | repo=Ehviewer_CN_SXJ | action=commit
2025-02-13 08:08:00 | DEBUG | repo=Ehviewer_CN_SXJ | action=commit
2025-04-04 12:08:00 | DEBUG | repo=Ehviewer_CN_SXJ | action=commit
2025-03-06 20:18:00 | INFO | repo=Ehviewer_CN_SXJ | action=commit
2025-11-19 18:27:00 | INFO | repo=Ehviewer_CN_SXJ | action=commit
2025-03-01 20:53:00 | INFO | repo=Ehviewer_CN_SXJ | action=edit | files=4
2025-05-07 12:37:00 | DEBUG | repo=Ehviewer_CN_SXJ | action=commit
2025-11-04 14:08:00 | DEBUG | repo=Ehviewer_CN_SXJ | action=commit
2025-06-12 08:42:00 | DEBUG | repo=Ehviewer_CN_SXJ | action=commit
2025-03-15 19:22:00 | DEBUG | repo=Ehviewer_CN_SXJ | action=commit
2025-01-15 16:00:00 | DEBUG | repo=Ehviewer_CN_SXJ | action=commit
2025-10-02 15:23:00 | DEBUG | repo=Ehviewer_CN_SXJ | action=commit
2025-04-04 07:11:00 | WARN | repo=Ehviewer_CN_SXJ | action=commit
2025-10-16 08:42:00 | WARN | repo=Ehviewer_CN_SXJ | action=commit
2025-04-09 21:04:00 | WARN | repo=Ehviewer_CN_SXJ | action=commit
2025-08-24 16:07:00 | DEBUG | repo=Ehviewer_CN_SXJ | action=pull
2025-12-18 15:12:00 | WARN | repo=Ehviewer_CN_SXJ | action=edit | files=5
2025-08-21 08:32:00 | WARN | repo=Ehviewer_CN_SXJ | action=test | passed=true
2025-11-10 14:33:00 | INFO | repo=Ehviewer_CN_SXJ | action=test | passed=true
2025-07-21 14:30:00 | DEBUG | repo=Ehviewer_CN_SXJ | action=commit
2025-10-08 11:37:00 | WARN | repo=Ehviewer_CN_SXJ | action=commit
2025-02-25 08:09:00 | WARN | repo=Ehviewer_CN_SXJ | action=pull
2025-07-06 20:25:00 | INFO | repo=Ehviewer_CN_SXJ | action=commit
2025-11-07 15:59:00 | INFO | repo=Ehviewer_CN_SXJ | action=test | passed=true
2025-11-28 07:03:00 | WARN | repo=Ehviewer_CN_SXJ | action=edit | files=5
2025-04-05 18:50:00 | WARN | repo=Ehviewer_CN_SXJ | action=commit
2025-01-01 15:11:00 | WARN | repo=Ehviewer_CN_SXJ | action=commit
2025-07-13 14:48:00 | WARN | repo=Ehviewer_CN_SXJ | action=test | passed=true
2025-08-20 07:06:00 | WARN | repo=Ehviewer_CN_SXJ | action=commit
2025-03-25 15:36:00 | INFO | repo=Ehviewer_CN_SXJ | action=edit | files=3
2025-08-19 20:18:00 | WARN | repo=Ehviewer_CN_SXJ | action=pull
2025-02-03 20:08:00 | WARN | repo=Ehviewer_CN_SXJ | action=commit
2025-08-20 12:23:00 | INFO | repo=Ehviewer_CN_SXJ | action=test | passed=true
2025-07-13 18:01:00 | INFO | repo=Ehviewer_CN_SXJ | action=commit
2025-11-02 18:12:00 | WARN | repo=Ehviewer_CN_SXJ | action=edit | files=1
2025-05-24 10:39:00 | WARN | repo=Ehviewer_CN_SXJ | action=pull
2025-09-27 08:38:00 | WARN | repo=Ehviewer_CN_SXJ | action=commit
2025-01-26 10:52:00 | INFO | repo=Ehviewer_CN_SXJ | action=commit
2025-01-02 21:08:00 | WARN | repo=Ehviewer_CN_SXJ | action=commit
2025-06-23T19:38:00 | nonce=12400740611990597145
2025-06-14T13:23:00 | nonce=13658360928825977965
2025-08-12T19:22:00 | nonce=133243379628428147
2025-07-07T13:08:00 | nonce=13791056607308925864
